// Bun Snapshot v1, https://goo.gl/fbAQLP

exports[`rect border radius rendering renders all rect pads with border radius 1`] = `
[
  {
    "_element": {
      "hole_diameter": 0.6,
      "layers": [
        "top",
        "bottom",
      ],
      "pcb_component_id": "comp1",
      "pcb_plated_hole_id": "hole1",
      "pcb_port_id": "port1",
      "port_hints": [
        "1",
      ],
      "rect_border_radius": 0.2,
      "rect_pad_height": 2,
      "rect_pad_width": 2,
      "shape": "circular_hole_with_rect_pad",
      "type": "pcb_plated_hole",
      "x": 0,
      "y": 0,
    },
    "_parent_pcb_component": undefined,
    "_parent_source_component": undefined,
    "_pcb_drawing_object_id": "rect_0",
    "_source_port": undefined,
    "h": 2,
    "layer": "top",
    "pcb_drawing_type": "rect",
    "rect_border_radius": 0.2,
    "w": 2,
    "x": 0,
    "y": 0,
  },
  {
    "_element": {
      "hole_diameter": 0.6,
      "layers": [
        "top",
        "bottom",
      ],
      "pcb_component_id": "comp1",
      "pcb_plated_hole_id": "hole1",
      "pcb_port_id": "port1",
      "port_hints": [
        "1",
      ],
      "rect_border_radius": 0.2,
      "rect_pad_height": 2,
      "rect_pad_width": 2,
      "shape": "circular_hole_with_rect_pad",
      "type": "pcb_plated_hole",
      "x": 0,
      "y": 0,
    },
    "_pcb_drawing_object_id": "circle_1",
    "layer": "drill",
    "pcb_drawing_type": "circle",
    "r": 0.3,
    "x": 0,
    "y": 0,
  },
  {
    "_element": {
      "hole_height": 2,
      "hole_width": 1,
      "layers": [
        "top",
        "bottom",
      ],
      "pcb_component_id": "comp2",
      "pcb_plated_hole_id": "hole2",
      "pcb_port_id": "port2",
      "port_hints": [
        "1",
      ],
      "rect_border_radius": 0.3,
      "rect_pad_height": 4,
      "rect_pad_width": 3,
      "shape": "pill_hole_with_rect_pad",
      "type": "pcb_plated_hole",
      "x": 5,
      "y": 0,
    },
    "_parent_pcb_component": undefined,
    "_parent_source_component": undefined,
    "_pcb_drawing_object_id": "rect_2",
    "_source_port": undefined,
    "h": 4,
    "layer": "top",
    "pcb_drawing_type": "rect",
    "rect_border_radius": 0.3,
    "w": 3,
    "x": 5,
    "y": 0,
  },
  {
    "_element": {
      "hole_height": 2,
      "hole_width": 1,
      "layers": [
        "top",
        "bottom",
      ],
      "pcb_component_id": "comp2",
      "pcb_plated_hole_id": "hole2",
      "pcb_port_id": "port2",
      "port_hints": [
        "1",
      ],
      "rect_border_radius": 0.3,
      "rect_pad_height": 4,
      "rect_pad_width": 3,
      "shape": "pill_hole_with_rect_pad",
      "type": "pcb_plated_hole",
      "x": 5,
      "y": 0,
    },
    "_pcb_drawing_object_id": "pill_3",
    "h": 2,
    "layer": "drill",
    "pcb_drawing_type": "pill",
    "w": 1,
    "x": 5,
    "y": 0,
  },
  {
    "_element": {
      "hole_ccw_rotation": 45,
      "hole_height": 2,
      "hole_width": 1,
      "layers": [
        "top",
        "bottom",
      ],
      "pcb_component_id": "comp3",
      "pcb_plated_hole_id": "hole3",
      "pcb_port_id": "port3",
      "port_hints": [
        "1",
      ],
      "rect_border_radius": 0.4,
      "rect_ccw_rotation": 45,
      "rect_pad_height": 4,
      "rect_pad_width": 3,
      "shape": "rotated_pill_hole_with_rect_pad",
      "type": "pcb_plated_hole",
      "x": 10,
      "y": 0,
    },
    "_parent_pcb_component": undefined,
    "_parent_source_component": undefined,
    "_pcb_drawing_object_id": "rect_4",
    "_source_port": undefined,
    "ccw_rotation": 45,
    "h": 4,
    "layer": "top",
    "pcb_drawing_type": "rect",
    "rect_border_radius": 0.4,
    "w": 3,
    "x": 10,
    "y": 0,
  },
  {
    "_element": {
      "hole_ccw_rotation": 45,
      "hole_height": 2,
      "hole_width": 1,
      "layers": [
        "top",
        "bottom",
      ],
      "pcb_component_id": "comp3",
      "pcb_plated_hole_id": "hole3",
      "pcb_port_id": "port3",
      "port_hints": [
        "1",
      ],
      "rect_border_radius": 0.4,
      "rect_ccw_rotation": 45,
      "rect_pad_height": 4,
      "rect_pad_width": 3,
      "shape": "rotated_pill_hole_with_rect_pad",
      "type": "pcb_plated_hole",
      "x": 10,
      "y": 0,
    },
    "_pcb_drawing_object_id": "pill_5",
    "ccw_rotation": 45,
    "h": 2,
    "layer": "drill",
    "pcb_drawing_type": "pill",
    "w": 1,
    "x": 10,
    "y": 0,
  },
  {
    "_element": {
      "height": 3,
      "layer": "top",
      "pcb_component_id": "comp4",
      "pcb_smtpad_id": "pad1",
      "rect_border_radius": 0.1,
      "shape": "rect",
      "type": "pcb_smtpad",
      "width": 2,
      "x": 0,
      "y": 5,
    },
    "_parent_pcb_component": undefined,
    "_parent_source_component": undefined,
    "_pcb_drawing_object_id": "rect_6",
    "_source_port": undefined,
    "ccw_rotation": undefined,
    "h": 3,
    "layer": "top",
    "pcb_drawing_type": "rect",
    "rect_border_radius": 0.1,
    "w": 2,
    "x": 0,
    "y": 5,
  },
  {
    "_element": {
      "ccw_rotation": 45,
      "height": 3,
      "layer": "top",
      "pcb_component_id": "comp5",
      "pcb_smtpad_id": "pad2",
      "rect_border_radius": 0.2,
      "shape": "rotated_rect",
      "type": "pcb_smtpad",
      "width": 2,
      "x": 5,
      "y": 5,
    },
    "_parent_pcb_component": undefined,
    "_parent_source_component": undefined,
    "_pcb_drawing_object_id": "rect_7",
    "_source_port": undefined,
    "ccw_rotation": 45,
    "h": 3,
    "layer": "top",
    "pcb_drawing_type": "rect",
    "rect_border_radius": 0.2,
    "w": 2,
    "x": 5,
    "y": 5,
  },
]
`;
